Release 14.5 - xst P.58f (nt64)
Copyright (c) 1995-2012 Xilinx, Inc.  All rights reserved.
--> Parameter TMPDIR set to xst/projnav.tmp


Total REAL time to Xst completion: 0.00 secs
Total CPU time to Xst completion: 0.15 secs
 
--> Parameter xsthdpdir set to xst


Total REAL time to Xst completion: 0.00 secs
Total CPU time to Xst completion: 0.15 secs
 
--> Reading design: Rs232Txd.prj

TABLE OF CONTENTS
  1) Synthesis Options Summary
  2) HDL Compilation
  3) Design Hierarchy Analysis
  4) HDL Analysis
  5) HDL Synthesis
     5.1) HDL Synthesis Report
  6) Advanced HDL Synthesis
     6.1) Advanced HDL Synthesis Report
  7) Low Level Synthesis
  8) Partition Report
  9) Final Report
	9.1) Device utilization summary
	9.2) Partition Resource Summary
	9.3) TIMING REPORT


=========================================================================
*                      Synthesis Options Summary                        *
=========================================================================
---- Source Parameters
Input File Name                    : "Rs232Txd.prj"
Input Format                       : mixed
Ignore Synthesis Constraint File   : NO

---- Target Parameters
Output File Name                   : "Rs232Txd"
Output Format                      : NGC
Target Device                      : xc3s500e-5-fg320

---- Source Options
Top Module Name                    : Rs232Txd
Automatic FSM Extraction           : YES
FSM Encoding Algorithm             : Auto
Safe Implementation                : No
FSM Style                          : LUT
RAM Extraction                     : Yes
RAM Style                          : Auto
ROM Extraction                     : Yes
Mux Style                          : Auto
Decoder Extraction                 : YES
Priority Encoder Extraction        : Yes
Shift Register Extraction          : YES
Logical Shifter Extraction         : YES
XOR Collapsing                     : YES
ROM Style                          : Auto
Mux Extraction                     : Yes
Resource Sharing                   : YES
Asynchronous To Synchronous        : NO
Multiplier Style                   : Auto
Automatic Register Balancing       : No

---- Target Options
Add IO Buffers                     : YES
Global Maximum Fanout              : 100000
Add Generic Clock Buffer(BUFG)     : 24
Register Duplication               : YES
Slice Packing                      : YES
Optimize Instantiated Primitives   : NO
Use Clock Enable                   : Yes
Use Synchronous Set                : Yes
Use Synchronous Reset              : Yes
Pack IO Registers into IOBs        : Auto
Equivalent register Removal        : YES

---- General Options
Optimization Goal                  : Speed
Optimization Effort                : 1
Keep Hierarchy                     : No
Netlist Hierarchy                  : As_Optimized
RTL Output                         : Yes
Global Optimization                : AllClockNets
Read Cores                         : YES
Write Timing Constraints           : NO
Cross Clock Analysis               : NO
Hierarchy Separator                : /
Bus Delimiter                      : <>
Case Specifier                     : Maintain
Slice Utilization Ratio            : 100
BRAM Utilization Ratio             : 100
Verilog 2001                       : YES
Auto BRAM Packing                  : NO
Slice Utilization Ratio Delta      : 5

=========================================================================


=========================================================================
*                          HDL Compilation                              *
=========================================================================
Compiling vhdl file "C:/Users/Michael/Xilinx/RS232/Rs232Txd.vhd" in Library work.
Entity <rs232txd> compiled.
Entity <rs232txd> (Architecture <behavioral>) compiled.

=========================================================================
*                     Design Hierarchy Analysis                         *
=========================================================================
Analyzing hierarchy for entity <Rs232Txd> in library <work> (architecture <behavioral>).


=========================================================================
*                            HDL Analysis                               *
=========================================================================
Analyzing Entity <Rs232Txd> in library <work> (Architecture <behavioral>).
    Set property "enum_encoding = 00 01 11 10" for signal <presState>.
    Set property "enum_encoding = 00 01 11 10" for signal <nextState>.
INFO:Xst:2679 - Register <sendCount> in unit <Rs232Txd> has a constant value of 00000000000000000000 during circuit operation. The register is replaced by logic.
Entity <Rs232Txd> analyzed. Unit <Rs232Txd> generated.


=========================================================================
*                           HDL Synthesis                               *
=========================================================================

Performing bidirectional port resolution...

Synthesizing Unit <Rs232Txd>.
    Related source file is "C:/Users/Michael/Xilinx/RS232/Rs232Txd.vhd".
WARNING:Xst:646 - Signal <sendCount> is assigned but never used. This unconnected signal will be trimmed during the optimization process.
INFO:Xst:1799 - State sttxdcompleted is never reached in FSM <presState>.
    Found finite state machine <FSM_0> for signal <presState>.
    -----------------------------------------------------------------------
    | States             | 3                                              |
    | Transitions        | 4                                              |
    | Inputs             | 1                                              |
    | Outputs            | 3                                              |
    | Clock              | iClock1x                  (rising_edge)        |
    | Reset              | iClock1xEnable            (negative)           |
    | Reset type         | asynchronous                                   |
    | Reset State        | stidle                                         |
    | Power Up State     | stidle                                         |
    | Encoding           | automatic                                      |
    | Implementation     | LUT                                            |
    -----------------------------------------------------------------------
    Found 1-bit register for signal <iClock1xEnable>.
    Found 4-bit up counter for signal <iClockDiv>.
    Found 4-bit up counter for signal <iNoBitsSend>.
    Found 1-bit register for signal <iSend1>.
    Found 1-bit register for signal <iSend2>.
    Found 9-bit register for signal <iTxdBuffer>.
    Summary:
	inferred   1 Finite State Machine(s).
	inferred   2 Counter(s).
	inferred  12 D-type flip-flop(s).
Unit <Rs232Txd> synthesized.


=========================================================================
HDL Synthesis Report

Macro Statistics
# Counters                                             : 2
 4-bit up counter                                      : 2
# Registers                                            : 4
 1-bit register                                        : 3
 9-bit register                                        : 1

=========================================================================

=========================================================================
*                       Advanced HDL Synthesis                          *
=========================================================================

Analyzing FSM <FSM_0> for best encoding.
Optimizing FSM <presState/FSM> on signal <presState[1:2]> with user encoding.
----------------------------
 State          | Encoding
----------------------------
 stidle         | 00
 stdata         | 01
 ststop         | 11
 sttxdcompleted | unreached
----------------------------

=========================================================================
Advanced HDL Synthesis Report

Macro Statistics
# FSMs                                                 : 1
# Counters                                             : 2
 4-bit up counter                                      : 2
# Registers                                            : 12
 Flip-Flops                                            : 12

=========================================================================

=========================================================================
*                         Low Level Synthesis                           *
=========================================================================

Optimizing unit <Rs232Txd> ...

Mapping all equations...
Building and optimizing final netlist ...
Found area constraint ratio of 100 (+ 5) on block Rs232Txd, actual ratio is 0.

Final Macro Processing ...

=========================================================================
Final Register Report

Macro Statistics
# Registers                                            : 22
 Flip-Flops                                            : 22

=========================================================================

=========================================================================
*                           Partition Report                            *
=========================================================================

Partition Implementation Status
-------------------------------

  No Partitions were found in this design.

-------------------------------

=========================================================================
*                            Final Report                               *
=========================================================================
Final Results
RTL Top Level Output File Name     : Rs232Txd.ngr
Top Level Output File Name         : Rs232Txd
Output Format                      : NGC
Optimization Goal                  : Speed
Keep Hierarchy                     : No

Design Statistics
# IOs                              : 12

Cell Usage :
# BELS                             : 26
#      GND                         : 1
#      INV                         : 3
#      LUT2                        : 6
#      LUT3                        : 5
#      LUT4                        : 10
#      LUT4_D                      : 1
# FlipFlops/Latches                : 22
#      FDC                         : 6
#      FDE                         : 11
#      FDR                         : 4
#      FDSE                        : 1
# Clock Buffers                    : 1
#      BUFGP                       : 1
# IO Buffers                       : 11
#      IBUF                        : 10
#      OBUF                        : 1
=========================================================================

Device utilization summary:
---------------------------

Selected Device : 3s500efg320-5 

 Number of Slices:                       14  out of   4656     0%  
 Number of Slice Flip Flops:             22  out of   9312     0%  
 Number of 4 input LUTs:                 25  out of   9312     0%  
 Number of IOs:                          12
 Number of bonded IOBs:                  12  out of    232     5%  
 Number of GCLKs:                         1  out of     24     4%  

---------------------------
Partition Resource Summary:
---------------------------

  No Partitions were found in this design.

---------------------------


=========================================================================
TIMING REPORT

NOTE: THESE TIMING NUMBERS ARE ONLY A SYNTHESIS ESTIMATE.
      FOR ACCURATE TIMING INFORMATION PLEASE REFER TO THE TRACE REPORT
      GENERATED AFTER PLACE-and-ROUTE.

Clock Information:
------------------
-----------------------------------+------------------------+-------+
Clock Signal                       | Clock buffer(FF name)  | Load  |
-----------------------------------+------------------------+-------+
Clock16x                           | BUFGP                  | 7     |
iClockDiv_3                        | NONE(iTxdBuffer_0)     | 15    |
-----------------------------------+------------------------+-------+
INFO:Xst:2169 - HDL ADVISOR - Some clock signals were not automatically buffered by XST with BUFG/BUFR resources. Please use the buffer_type constraint in order to insert these buffers to the clock signals to help prevent skew problems.

Asynchronous Control Signals Information:
----------------------------------------
-----------------------------------------------+------------------------+-------+
Control Signal                                 | Buffer(FF name)        | Load  |
-----------------------------------------------+------------------------+-------+
iClock1xEnable_inv(iClock1xEnable_inv1_INV_0:O)| NONE(iNoBitsSend_0)    | 6     |
-----------------------------------------------+------------------------+-------+

Timing Summary:
---------------
Speed Grade: -5

   Minimum period: 3.562ns (Maximum Frequency: 280.737MHz)
   Minimum input arrival time before clock: 3.113ns
   Maximum output required time after clock: 4.040ns
   Maximum combinational path delay: No path found

Timing Detail:
--------------
All values displayed in nanoseconds (ns)

=========================================================================
Timing constraint: Default period analysis for Clock 'Clock16x'
  Clock period: 3.464ns (frequency: 288.704MHz)
  Total number of paths / destination ports: 17 / 10
-------------------------------------------------------------------------
Delay:               3.464ns (Levels of Logic = 1)
  Source:            iClock1xEnable (FF)
  Destination:       iClockDiv_0 (FF)
  Source Clock:      Clock16x rising
  Destination Clock: Clock16x rising

  Data Path: iClock1xEnable to iClockDiv_0
                                Gate     Net
    Cell:in->out      fanout   Delay   Delay  Logical Name (Net Name)
    ----------------------------------------  ------------
     FDSE:C->Q            11   0.514   0.793  iClock1xEnable (iClock1xEnable)
     INV:I->O             10   0.612   0.750  iClock1xEnable_inv1_INV_0 (iClock1xEnable_inv)
     FDR:R                     0.795          iClockDiv_0
    ----------------------------------------
    Total                      3.464ns (1.921ns logic, 1.543ns route)
                                       (55.5% logic, 44.5% route)

=========================================================================
Timing constraint: Default period analysis for Clock 'iClockDiv_3'
  Clock period: 3.562ns (frequency: 280.737MHz)
  Total number of paths / destination ports: 89 / 24
-------------------------------------------------------------------------
Delay:               3.562ns (Levels of Logic = 2)
  Source:            iNoBitsSend_0 (FF)
  Destination:       iTxdBuffer_0 (FF)
  Source Clock:      iClockDiv_3 rising
  Destination Clock: iClockDiv_3 rising

  Data Path: iNoBitsSend_0 to iTxdBuffer_0
                                Gate     Net
    Cell:in->out      fanout   Delay   Delay  Logical Name (Net Name)
    ----------------------------------------  ------------
     FDC:C->Q              5   0.514   0.541  iNoBitsSend_0 (iNoBitsSend_0)
     LUT4_D:I3->LO         1   0.612   0.103  presState_cmp_eq00001 (N01)
     LUT4:I3->O            9   0.612   0.697  iTxdBuffer_not00011 (iTxdBuffer_not0001)
     FDE:CE                    0.483          iTxdBuffer_0
    ----------------------------------------
    Total                      3.562ns (2.221ns logic, 1.341ns route)
                                       (62.4% logic, 37.6% route)

=========================================================================
Timing constraint: Default OFFSET IN BEFORE for Clock 'Clock16x'
  Total number of paths / destination ports: 4 / 4
-------------------------------------------------------------------------
Offset:              3.113ns (Levels of Logic = 2)
  Source:            Reset (PAD)
  Destination:       iSend1 (FF)
  Destination Clock: Clock16x rising

  Data Path: Reset to iSend1
                                Gate     Net
    Cell:in->out      fanout   Delay   Delay  Logical Name (Net Name)
    ----------------------------------------  ------------
     IBUF:I->O             2   1.106   0.532  Reset_IBUF (Reset_IBUF)
     LUT2:I0->O            2   0.612   0.380  iSend1_or0000_inv1 (iSend1_or0000_inv)
     FDE:CE                    0.483          iSend1
    ----------------------------------------
    Total                      3.113ns (2.201ns logic, 0.912ns route)
                                       (70.7% logic, 29.3% route)

=========================================================================
Timing constraint: Default OFFSET IN BEFORE for Clock 'iClockDiv_3'
  Total number of paths / destination ports: 8 / 8
-------------------------------------------------------------------------
Offset:              2.412ns (Levels of Logic = 2)
  Source:            DataIn<7> (PAD)
  Destination:       iTxdBuffer_8 (FF)
  Destination Clock: iClockDiv_3 rising

  Data Path: DataIn<7> to iTxdBuffer_8
                                Gate     Net
    Cell:in->out      fanout   Delay   Delay  Logical Name (Net Name)
    ----------------------------------------  ------------
     IBUF:I->O             1   1.106   0.426  DataIn_7_IBUF (DataIn_7_IBUF)
     LUT3:I1->O            1   0.612   0.000  iTxdBuffer_mux0000<8>11 (iTxdBuffer_mux0000<8>)
     FDE:D                     0.268          iTxdBuffer_8
    ----------------------------------------
    Total                      2.412ns (1.986ns logic, 0.426ns route)
                                       (82.3% logic, 17.7% route)

=========================================================================
Timing constraint: Default OFFSET OUT AFTER for Clock 'iClockDiv_3'
  Total number of paths / destination ports: 1 / 1
-------------------------------------------------------------------------
Offset:              4.040ns (Levels of Logic = 1)
  Source:            iTxdBuffer_0 (FF)
  Destination:       Txd (PAD)
  Source Clock:      iClockDiv_3 rising

  Data Path: iTxdBuffer_0 to Txd
                                Gate     Net
    Cell:in->out      fanout   Delay   Delay  Logical Name (Net Name)
    ----------------------------------------  ------------
     FDE:C->Q              1   0.514   0.357  iTxdBuffer_0 (iTxdBuffer_0)
     OBUF:I->O                 3.169          Txd_OBUF (Txd)
    ----------------------------------------
    Total                      4.040ns (3.683ns logic, 0.357ns route)
                                       (91.2% logic, 8.8% route)

=========================================================================


Total REAL time to Xst completion: 7.00 secs
Total CPU time to Xst completion: 7.12 secs
 
--> 

Total memory usage is 256744 kilobytes

Number of errors   :    0 (   0 filtered)
Number of warnings :    1 (   0 filtered)
Number of infos    :    3 (   0 filtered)

