AR rs232txd behavioral C:/Users/Michael/Xilinx/RS232/Rs232Txd.vhd sub00/vhpl03 1449043928
EN rs232rxd NULL C:/Users/Swaraj/Desktop/All_folders/xilinx/RS232/Rxd.vhd sub00/vhpl00 1480244490
EN toplevelrs232 NULL C:/Users/Michael/Xilinx/RS232/TopLevelRS232.vhd sub00/vhpl10 1449043935
AR scan4digit behavioral C:/Users/Michael/Xilinx/RS232/scan4digit.vhd sub00/vhpl09 1449043934
AR toplevelrs232 behavioral C:/Users/Michael/Xilinx/RS232/TopLevelRS232.vhd sub00/vhpl11 1449043936
EN scan4digit NULL C:/Users/Michael/Xilinx/RS232/scan4digit.vhd sub00/vhpl08 1449043933
EN rs232txd NULL C:/Users/Michael/Xilinx/RS232/Rs232Txd.vhd sub00/vhpl02 1449043927
AR rs232 behavioral C:/Users/Michael/Xilinx/RS232/RS232.vhd sub00/vhpl05 1449043930
AR d4to7 behavioral C:/Users/Michael/Xilinx/RS232/d4to7.vhd sub00/vhpl07 1449043932
EN d4to7 NULL C:/Users/Michael/Xilinx/RS232/d4to7.vhd sub00/vhpl06 1449043931
EN rs232 NULL C:/Users/Michael/Xilinx/RS232/RS232.vhd sub00/vhpl04 1449043929
AR rs232rxd behavioral C:/Users/Swaraj/Desktop/All_folders/xilinx/RS232/Rxd.vhd sub00/vhpl01 1480244491
