#-----------------------------------------------------------
# PlanAhead v14.5 (64-bit)
# Build 247527 by xbuild on Mon Mar 25 17:13:07 MDT 2013
# Start of session at: Mon Nov 16 17:27:04 2015
# Process ID: 5152
# Log file: C:/Users/Michael/Xilinx/RS232/planAhead_run_1/planAhead.log
# Journal file: C:/Users/Michael/Xilinx/RS232/planAhead_run_1/planAhead.jou
#-----------------------------------------------------------
start_gui
source C:/Users/Michael/Xilinx/RS232/pa.fromNetlist.tcl
startgroup
set_property package_pin F15 [get_ports {An[3]}]
endgroup
startgroup
set_property package_pin F15 [get_ports {An[3]}]
endgroup
startgroup
set_property package_pin C18 [get_ports {An[2]}]
endgroup
startgroup
set_property package_pin H17 [get_ports {An[1]}]
endgroup
startgroup
set_property package_pin F17 [get_ports {An[0]}]
endgroup
startgroup
set_property package_pin R17 [get_ports {DataIn[7]}]
endgroup
startgroup
set_property package_pin N17 [get_ports {DataIn[6]}]
endgroup
startgroup
set_property package_pin L13 [get_ports {DataIn[5]}]
endgroup
startgroup
set_property package_pin L14 [get_ports {DataIn[4]}]
endgroup
startgroup
set_property package_pin K17 [get_ports {DataIn[3]}]
endgroup
startgroup
set_property package_pin K18 [get_ports {DataIn[2]}]
endgroup
startgroup
set_property package_pin H18 [get_ports {DataIn[1]}]
endgroup
startgroup
set_property package_pin G18 [get_ports {DataIn[0]}]
endgroup
startgroup
set_property package_pin R4 [get_ports {RxdData[7]}]
endgroup
startgroup
set_property package_pin F4 [get_ports {RxdData[6]}]
endgroup
startgroup
set_property package_pin P15 [get_ports {RxdData[5]}]
endgroup
startgroup
set_property package_pin E17 [get_ports {RxdData[4]}]
endgroup
startgroup
set_property package_pin K14 [get_ports {RxdData[3]}]
endgroup
startgroup
set_property package_pin K15 [get_ports {RxdData[2]}]
endgroup
startgroup
set_property package_pin J15 [get_ports {RxdData[1]}]
endgroup
startgroup
set_property package_pin J14 [get_ports {RxdData[0]}]
endgroup
startgroup
set_property package_pin L18 [get_ports Ca]
endgroup
startgroup
set_property package_pin F18 [get_ports Cb]
endgroup
startgroup
set_property package_pin D17 [get_ports Cc]
endgroup
startgroup
set_property package_pin D16 [get_ports Cd]
endgroup
startgroup
set_property package_pin G14 [get_ports Ce]
endgroup
startgroup
set_property package_pin J17 [get_ports Cf]
endgroup
startgroup
set_property package_pin H14 [get_ports Cg]
endgroup
startgroup
set_property package_pin B18 [get_ports Reset]
endgroup
startgroup
set_property package_pin U6 [get_ports Rxd]
endgroup
startgroup
set_property package_pin D18 [get_ports send]
endgroup
startgroup
set_property package_pin B8 [get_ports SystemClock]
endgroup
startgroup
set_property package_pin P9 [get_ports Txd]
endgroup
save_constraints
